<?xml version="1.0" encoding="UTF-8"?>
<testsuites name="jest tests" tests="16" failures="0" errors="0" time="1.208">
  <testsuite name="randomUsername 함수" errors="0" failures="0" skipped="0" timestamp="2025-06-01T11:37:02" time="0.425" tests="4">
    <testcase classname="randomUsername 함수" name="기본 형식의 사용자 이름을 생성해야 함" time="0.001">
    </testcase>
    <testcase classname="randomUsername 함수" name="maxNum이 주어지면 해당 범위 내의 숫자를 포함해야 함" time="0">
    </testcase>
    <testcase classname="randomUsername 함수" name="maxLength가 주어지면 해당 길이를 초과하지 않아야 함" time="0">
    </testcase>
    <testcase classname="randomUsername 함수" name="maxLength와 maxNum이 모두 주어지면 두 조건을 모두 만족해야 함" time="0">
    </testcase>
  </testsuite>
  <testsuite name="UniqueName 함수" errors="0" failures="0" skipped="0" timestamp="2025-06-01T11:37:02" time="0.038" tests="2">
    <testcase classname="UniqueName 함수" name="UniqueName 생성되는지 확인" time="0.001">
    </testcase>
    <testcase classname="UniqueName 함수" name="랜덤하게 생성된 닉네임이 중복되는 경우 재시도 하는지 확인" time="0">
    </testcase>
  </testsuite>
  <testsuite name="기본 테스트" errors="0" failures="0" skipped="0" timestamp="2025-06-01T11:37:02" time="0.033" tests="3">
    <testcase classname="기본 테스트" name="1 + 1은 2여야 합니다" time="0">
    </testcase>
    <testcase classname="기본 테스트" name="배열에 특정 요소가 포함되어 있어야 합니다" time="0.001">
    </testcase>
    <testcase classname="기본 테스트" name="객체가 특정 속성을 가지고 있어야 합니다" time="0.002">
    </testcase>
  </testsuite>
  <testsuite name="Button 컴포넌트" errors="0" failures="0" skipped="0" timestamp="2025-06-01T11:37:02" time="0.194" tests="7">
    <testcase classname="Button 컴포넌트" name="기본 버튼이 렌더링되어야 함" time="0.056">
    </testcase>
    <testcase classname="Button 컴포넌트" name="다양한 variant로 렌더링되어야 함" time="0.008">
    </testcase>
    <testcase classname="Button 컴포넌트" name="다양한 size로 렌더링되어야 함" time="0.006">
    </testcase>
    <testcase classname="Button 컴포넌트" name="fullWidth prop이 적용되어야 함" time="0.003">
    </testcase>
    <testcase classname="Button 컴포넌트" name="loading 상태일 때 로딩 스피너가 표시되어야 함" time="0.006">
    </testcase>
    <testcase classname="Button 컴포넌트" name="disabled 상태일 때 비활성화되어야 함" time="0.003">
    </testcase>
    <testcase classname="Button 컴포넌트" name="클릭 이벤트가 정상적으로 동작해야 함" time="0.004">
    </testcase>
  </testsuite>
</testsuites>